[16:40:02] full: 441,467 fold S1 in 18 shards; active shards 0..17
[16:40:46] loaded queries and truth; dynamic country keys in scope: ['india', 'us']
[16:42:39] S3/india: scanned 2,115,547 targets in 108s
[16:48:17] S3/india/address_char: fitted in 338s (peak 4.60 GiB)
[16:57:07] S3/india/address_char shard 1: 10,035 queries in 530.1s (19 q/s)
[17:05:49] S3/india/address_char shard 2: 10,011 queries in 521.9s (19 q/s)
[17:15:34] S3/india/address_char shard 3: 9,875 queries in 585.2s (17 q/s)
[17:23:38] S3/india/address_char shard 4: 10,009 queries in 483.2s (21 q/s)
[17:31:08] S3/india/address_char shard 5: 10,103 queries in 449.9s (22 q/s)
[17:38:03] S3/india/address_char shard 6: 9,990 queries in 415.2s (24 q/s)
[17:44:55] S3/india/address_char shard 7: 10,005 queries in 411.3s (24 q/s)
[17:51:18] S3/india/address_char shard 8: 9,966 queries in 383.7s (26 q/s)
[17:57:41] S3/india/address_char shard 9: 9,912 queries in 382.1s (26 q/s)
[18:04:12] S3/india/address_char shard 10: 9,932 queries in 391.2s (25 q/s)
[18:10:46] S3/india/address_char shard 11: 9,912 queries in 394.4s (25 q/s)
[18:17:35] S3/india/address_char shard 12: 10,229 queries in 408.0s (25 q/s)
[18:24:23] S3/india/address_char shard 13: 10,030 queries in 408.9s (25 q/s)
[18:31:12] S3/india/address_char shard 14: 9,911 queries in 408.8s (24 q/s)
[18:37:33] S3/india/address_char shard 15: 10,010 queries in 380.2s (26 q/s)
[18:42:55] S3/india/address_char shard 16: 10,138 queries in 322.3s (31 q/s)
[18:46:41] S3/india/address_char shard 17: 6,593 queries in 226.0s (29 q/s)
[18:50:54] S3/us: scanned 3,170,056 targets in 227s
[18:55:36] S3/us/address_char: fitted in 283s (peak 4.74 GiB)
[19:01:58] S3/us/address_char shard 1: 14,965 queries in 381.4s (39 q/s)
[19:06:28] S3/us/address_char shard 2: 14,989 queries in 269.6s (56 q/s)
[19:10:45] S3/us/address_char shard 3: 15,125 queries in 257.6s (59 q/s)
[19:15:05] S3/us/address_char shard 4: 14,991 queries in 259.7s (58 q/s)
[19:19:20] S3/us/address_char shard 5: 14,897 queries in 254.4s (59 q/s)
[19:23:41] S3/us/address_char shard 6: 15,010 queries in 261.8s (57 q/s)
[19:27:55] S3/us/address_char shard 7: 14,995 queries in 253.7s (59 q/s)
[19:32:21] S3/us/address_char shard 8: 15,034 queries in 265.6s (57 q/s)
[19:36:47] S3/us/address_char shard 9: 15,088 queries in 265.9s (57 q/s)
[19:41:09] S3/us/address_char shard 10: 15,068 queries in 262.3s (57 q/s)
[19:45:37] S3/us/address_char shard 11: 15,088 queries in 267.8s (56 q/s)
[19:49:52] S3/us/address_char shard 12: 14,771 queries in 254.8s (58 q/s)
[19:54:16] S3/us/address_char shard 13: 14,970 queries in 263.7s (57 q/s)
[19:58:44] S3/us/address_char shard 14: 15,089 queries in 267.7s (56 q/s)
[20:03:15] S3/us/address_char shard 15: 14,990 queries in 271.4s (55 q/s)
[20:05:21] S3/us/address_char shard 16: 14,862 queries in 126.2s (118 q/s)
[20:06:40] S3/us/address_char shard 17: 9,874 queries in 79.2s (125 q/s)
[20:06:41] filtered generation finished: 34 new tasks; run unfiltered to evaluate
