[16:19:11] pilot: 441,467 fold S1 in 18 shards; active shards 0..0
[16:19:29] loaded queries and truth; dynamic country keys in scope: ['india', 'us']
[16:20:17] S2/india: scanned 2,017,799 targets in 46s
[16:20:17] S2/india/exact_name: fitted in 0s (peak 1.20 GiB)
[16:20:17] S2/india/exact_name shard 0: 10,125 queries in 0.0s (824152 q/s)
[16:20:49] S2/india/name_char: fitted in 32s (peak 2.81 GiB)
[16:21:03] S2/india/name_char shard 0: 10,125 queries in 13.9s (727 q/s)
[16:22:15] S2/india/address_char: fitted in 72s (peak 4.93 GiB)
[16:23:20] S2/india/address_char shard 0: 10,125 queries in 64.4s (157 q/s)
[16:23:32] S2/india/name_word: fitted in 12s (peak 1.59 GiB)
[16:23:38] S2/india/name_word shard 0: 10,125 queries in 6.3s (1619 q/s)
[16:23:43] S2/india/rare_name: fitted in 5s (peak 1.26 GiB)
[16:23:44] S2/india/rare_name shard 0: 10,125 queries in 0.3s (36778 q/s)
[16:23:45] S2/india/suffix_exact: fitted in 1s (peak 1.26 GiB)
[16:23:45] S2/india/suffix_exact shard 0: 10,125 queries in 0.0s (264755 q/s)
[16:24:30] S2/us: scanned 3,016,817 targets in 42s
[16:24:30] S2/us/exact_name: fitted in 0s (peak 1.35 GiB)
[16:24:30] S2/us/exact_name shard 0: 14,875 queries in 0.0s (371770 q/s)
[16:25:10] S2/us/name_char: fitted in 40s (peak 3.21 GiB)
[16:26:14] S2/us/name_char shard 0: 14,875 queries in 63.6s (234 q/s)
[16:27:04] S2/us/address_char: fitted in 50s (peak 4.18 GiB)
[16:28:42] S2/us/address_char shard 0: 14,875 queries in 98.0s (152 q/s)
[16:28:55] S2/us/name_word: fitted in 13s (peak 1.69 GiB)
[16:29:09] S2/us/name_word shard 0: 14,875 queries in 14.2s (1051 q/s)
[16:29:17] S2/us/rare_name: fitted in 7s (peak 1.37 GiB)
[16:29:17] S2/us/rare_name shard 0: 14,875 queries in 0.4s (35238 q/s)
[16:29:19] S2/us/suffix_exact: fitted in 2s (peak 1.37 GiB)
[16:29:19] S2/us/suffix_exact shard 0: 14,875 queries in 0.1s (295124 q/s)
[16:30:07] S3/india: scanned 2,115,547 targets in 45s
[16:30:07] S3/india/exact_name: fitted in 0s (peak 1.29 GiB)
[16:30:07] S3/india/exact_name shard 0: 10,125 queries in 0.0s (867610 q/s)
[16:30:40] S3/india/name_char: fitted in 33s (peak 2.91 GiB)
[16:30:53] S3/india/name_char shard 0: 10,125 queries in 13.3s (763 q/s)
[16:31:59] S3/india/address_char: fitted in 66s (peak 4.65 GiB)
[16:33:12] S3/india/address_char shard 0: 10,125 queries in 73.5s (138 q/s)
[16:33:24] S3/india/name_word: fitted in 12s (peak 1.63 GiB)
[16:33:30] S3/india/name_word shard 0: 10,125 queries in 6.0s (1701 q/s)
[16:33:35] S3/india/rare_name: fitted in 6s (peak 1.27 GiB)
[16:33:36] S3/india/rare_name shard 0: 10,125 queries in 0.3s (37773 q/s)
[16:33:37] S3/india/suffix_exact: fitted in 2s (peak 1.24 GiB)
[16:33:37] S3/india/suffix_exact shard 0: 10,125 queries in 0.0s (263030 q/s)
[16:34:27] S3/us: scanned 3,170,056 targets in 47s
[16:34:27] S3/us/exact_name: fitted in 0s (peak 1.42 GiB)
[16:34:27] S3/us/exact_name shard 0: 14,875 queries in 0.0s (330680 q/s)
[16:35:10] S3/us/name_char: fitted in 42s (peak 3.38 GiB)
[16:36:17] S3/us/name_char shard 0: 14,875 queries in 67.4s (221 q/s)
[16:37:21] S3/us/address_char: fitted in 64s (peak 4.77 GiB)
[16:38:57] S3/us/address_char shard 0: 14,875 queries in 95.8s (155 q/s)
[16:39:11] S3/us/name_word: fitted in 14s (peak 1.77 GiB)
[16:39:26] S3/us/name_word shard 0: 14,875 queries in 15.4s (966 q/s)
[16:39:34] S3/us/rare_name: fitted in 8s (peak 1.40 GiB)
[16:39:34] S3/us/rare_name shard 0: 14,875 queries in 0.8s (19469 q/s)
[16:39:36] S3/us/suffix_exact: fitted in 2s (peak 1.39 GiB)
[16:39:36] S3/us/suffix_exact shard 0: 14,875 queries in 0.1s (287800 q/s)
[16:39:46] pilot: recall 97.791%, positive every-match 93.496%, median/p95/max 541/677/791
[16:39:49] pilot reproduction all_equal=False full_run_allowed=True basis=platform_float_tolerance
