[16:40:02] full: 441,467 fold S1 in 18 shards; active shards 0..17
[16:40:47] loaded queries and truth; dynamic country keys in scope: ['india', 'us']
[16:42:40] S3/india: scanned 2,115,547 targets in 107s
[16:42:41] S3/india/exact_name: fitted in 2s (peak 1.18 GiB)
[16:42:41] S3/india/exact_name shard 1: 10,035 queries in 0.1s (195181 q/s)
[16:42:41] S3/india/exact_name shard 2: 10,011 queries in 0.0s (205588 q/s)
[16:42:41] S3/india/exact_name shard 3: 9,875 queries in 0.0s (197548 q/s)
[16:42:41] S3/india/exact_name shard 4: 10,009 queries in 0.1s (158468 q/s)
[16:42:41] S3/india/exact_name shard 5: 10,103 queries in 0.0s (412036 q/s)
[16:42:41] S3/india/exact_name shard 6: 9,990 queries in 0.0s (391721 q/s)
[16:42:41] S3/india/exact_name shard 7: 10,005 queries in 0.0s (229233 q/s)
[16:42:41] S3/india/exact_name shard 8: 9,966 queries in 0.1s (182544 q/s)
[16:42:42] S3/india/exact_name shard 9: 9,912 queries in 0.1s (191031 q/s)
[16:42:42] S3/india/exact_name shard 10: 9,932 queries in 0.9s (11442 q/s)
[16:42:42] S3/india/exact_name shard 11: 9,912 queries in 0.1s (170131 q/s)
[16:42:43] S3/india/exact_name shard 12: 10,229 queries in 0.1s (191817 q/s)
[16:42:43] S3/india/exact_name shard 13: 10,030 queries in 0.1s (171495 q/s)
[16:42:43] S3/india/exact_name shard 14: 9,911 queries in 0.1s (188607 q/s)
[16:42:43] S3/india/exact_name shard 15: 10,010 queries in 0.1s (166669 q/s)
[16:42:43] S3/india/exact_name shard 16: 10,138 queries in 0.0s (247875 q/s)
[16:42:43] S3/india/exact_name shard 17: 6,593 queries in 0.0s (370763 q/s)
[16:43:14] S3/india/name_word: fitted in 32s (peak 1.50 GiB)
[16:43:29] S3/india/name_word shard 1: 10,035 queries in 14.4s (696 q/s)
[16:43:44] S3/india/name_word shard 2: 10,011 queries in 14.7s (681 q/s)
[16:44:02] S3/india/name_word shard 3: 9,875 queries in 18.6s (530 q/s)
[16:44:24] S3/india/name_word shard 4: 10,009 queries in 21.1s (474 q/s)
[16:44:44] S3/india/name_word shard 5: 10,103 queries in 20.2s (501 q/s)
[16:45:06] S3/india/name_word shard 6: 9,990 queries in 22.5s (444 q/s)
[16:45:40] S3/india/name_word shard 7: 10,005 queries in 33.0s (303 q/s)
[16:46:13] S3/india/name_word shard 8: 9,966 queries in 33.1s (301 q/s)
[16:46:45] S3/india/name_word shard 9: 9,912 queries in 32.4s (305 q/s)
[16:47:20] S3/india/name_word shard 10: 9,932 queries in 34.5s (288 q/s)
[16:47:54] S3/india/name_word shard 11: 9,912 queries in 34.1s (290 q/s)
[16:48:33] S3/india/name_word shard 12: 10,229 queries in 38.5s (266 q/s)
[16:49:13] S3/india/name_word shard 13: 10,030 queries in 39.6s (254 q/s)
[16:49:52] S3/india/name_word shard 14: 9,911 queries in 39.3s (252 q/s)
[16:50:34] S3/india/name_word shard 15: 10,010 queries in 41.4s (242 q/s)
[16:51:19] S3/india/name_word shard 16: 10,138 queries in 45.7s (222 q/s)
[16:51:51] S3/india/name_word shard 17: 6,593 queries in 31.3s (210 q/s)
[16:52:50] S3/india/rare_name: fitted in 59s (peak 1.29 GiB)
[16:52:55] S3/india/rare_name shard 1: 10,035 queries in 5.2s (1927 q/s)
[16:52:57] S3/india/rare_name shard 2: 10,011 queries in 1.9s (5177 q/s)
[16:53:00] S3/india/rare_name shard 3: 9,875 queries in 2.6s (3835 q/s)
[16:53:02] S3/india/rare_name shard 4: 10,009 queries in 2.1s (4723 q/s)
[16:53:05] S3/india/rare_name shard 5: 10,103 queries in 2.6s (3920 q/s)
[16:53:10] S3/india/rare_name shard 6: 9,990 queries in 5.2s (1913 q/s)
[16:53:12] S3/india/rare_name shard 7: 10,005 queries in 2.3s (4355 q/s)
[16:53:15] S3/india/rare_name shard 8: 9,966 queries in 2.3s (4347 q/s)
[16:53:17] S3/india/rare_name shard 9: 9,912 queries in 2.4s (4071 q/s)
[16:53:22] S3/india/rare_name shard 10: 9,932 queries in 5.1s (1936 q/s)
[16:53:25] S3/india/rare_name shard 11: 9,912 queries in 2.3s (4255 q/s)
[16:53:27] S3/india/rare_name shard 12: 10,229 queries in 2.5s (4080 q/s)
[16:53:30] S3/india/rare_name shard 13: 10,030 queries in 2.5s (4021 q/s)
[16:53:32] S3/india/rare_name shard 14: 9,911 queries in 2.2s (4423 q/s)
[16:53:38] S3/india/rare_name shard 15: 10,010 queries in 5.6s (1795 q/s)
[16:53:40] S3/india/rare_name shard 16: 10,138 queries in 2.2s (4568 q/s)
[16:53:41] S3/india/rare_name shard 17: 6,593 queries in 1.6s (4234 q/s)
[16:53:59] S3/india/suffix_exact: fitted in 17s (peak 1.25 GiB)
[16:53:59] S3/india/suffix_exact shard 1: 10,035 queries in 0.4s (26736 q/s)
[16:54:00] S3/india/suffix_exact shard 2: 10,011 queries in 0.4s (25720 q/s)
[16:54:00] S3/india/suffix_exact shard 3: 9,875 queries in 0.4s (24566 q/s)
[16:54:00] S3/india/suffix_exact shard 4: 10,009 queries in 0.4s (24425 q/s)
[16:54:01] S3/india/suffix_exact shard 5: 10,103 queries in 0.4s (27557 q/s)
[16:54:01] S3/india/suffix_exact shard 6: 9,990 queries in 0.4s (24867 q/s)
[16:54:04] S3/india/suffix_exact shard 7: 10,005 queries in 2.7s (3674 q/s)
[16:54:04] S3/india/suffix_exact shard 8: 9,966 queries in 0.4s (27618 q/s)
[16:54:05] S3/india/suffix_exact shard 9: 9,912 queries in 0.3s (28442 q/s)
[16:54:05] S3/india/suffix_exact shard 10: 9,932 queries in 0.4s (27992 q/s)
[16:54:05] S3/india/suffix_exact shard 11: 9,912 queries in 0.3s (29318 q/s)
[16:54:06] S3/india/suffix_exact shard 12: 10,229 queries in 0.3s (29259 q/s)
[16:54:06] S3/india/suffix_exact shard 13: 10,030 queries in 0.3s (31591 q/s)
[16:54:06] S3/india/suffix_exact shard 14: 9,911 queries in 0.2s (45262 q/s)
[16:54:07] S3/india/suffix_exact shard 15: 10,010 queries in 0.2s (40429 q/s)
[16:54:07] S3/india/suffix_exact shard 16: 10,138 queries in 0.2s (40589 q/s)
[16:54:08] S3/india/suffix_exact shard 17: 6,593 queries in 1.6s (4189 q/s)
[17:00:04] S3/us: scanned 3,170,056 targets in 322s
[17:00:17] S3/us/exact_name: fitted in 12s (peak 1.37 GiB)
[17:00:17] S3/us/exact_name shard 1: 14,965 queries in 0.4s (35766 q/s)
[17:00:17] S3/us/exact_name shard 2: 14,989 queries in 0.4s (33840 q/s)
[17:00:18] S3/us/exact_name shard 3: 15,125 queries in 0.5s (29926 q/s)
[17:00:21] S3/us/exact_name shard 4: 14,991 queries in 3.4s (4433 q/s)
[17:00:22] S3/us/exact_name shard 5: 14,897 queries in 0.5s (32817 q/s)
[17:00:22] S3/us/exact_name shard 6: 15,010 queries in 0.4s (35809 q/s)
[17:00:23] S3/us/exact_name shard 7: 14,995 queries in 0.3s (43726 q/s)
[17:00:23] S3/us/exact_name shard 8: 15,034 queries in 0.4s (34130 q/s)
[17:00:24] S3/us/exact_name shard 9: 15,088 queries in 0.6s (24314 q/s)
[17:00:27] S3/us/exact_name shard 10: 15,068 queries in 3.6s (4173 q/s)
[17:00:28] S3/us/exact_name shard 11: 15,088 queries in 0.5s (30120 q/s)
[17:00:28] S3/us/exact_name shard 12: 14,771 queries in 0.4s (33619 q/s)
[17:00:29] S3/us/exact_name shard 13: 14,970 queries in 0.5s (29093 q/s)
[17:00:29] S3/us/exact_name shard 14: 15,089 queries in 0.5s (29883 q/s)
[17:00:30] S3/us/exact_name shard 15: 14,990 queries in 0.5s (30345 q/s)
[17:00:33] S3/us/exact_name shard 16: 14,862 queries in 3.1s (4800 q/s)
[17:00:33] S3/us/exact_name shard 17: 9,874 queries in 0.1s (108158 q/s)
[17:02:13] S3/us/name_word: fitted in 100s (peak 1.69 GiB)
[17:04:07] S3/us/name_word shard 1: 14,965 queries in 113.1s (132 q/s)
[17:06:07] S3/us/name_word shard 2: 14,989 queries in 119.8s (125 q/s)
[17:07:55] S3/us/name_word shard 3: 15,125 queries in 108.3s (140 q/s)
[17:09:43] S3/us/name_word shard 4: 14,991 queries in 107.3s (140 q/s)
[17:11:28] S3/us/name_word shard 5: 14,897 queries in 105.3s (141 q/s)
[17:13:15] S3/us/name_word shard 6: 15,010 queries in 106.2s (141 q/s)
[17:15:01] S3/us/name_word shard 7: 14,995 queries in 105.6s (142 q/s)
[17:16:48] S3/us/name_word shard 8: 15,034 queries in 106.9s (141 q/s)
[17:18:28] S3/us/name_word shard 9: 15,088 queries in 100.2s (151 q/s)
[17:19:53] S3/us/name_word shard 10: 15,068 queries in 84.3s (179 q/s)
[17:21:13] S3/us/name_word shard 11: 15,088 queries in 80.2s (188 q/s)
[17:22:32] S3/us/name_word shard 12: 14,771 queries in 78.3s (189 q/s)
[17:23:49] S3/us/name_word shard 13: 14,970 queries in 77.2s (194 q/s)
[17:25:07] S3/us/name_word shard 14: 15,089 queries in 78.1s (193 q/s)
[17:26:24] S3/us/name_word shard 15: 14,990 queries in 76.9s (195 q/s)
[17:27:42] S3/us/name_word shard 16: 14,862 queries in 77.1s (193 q/s)
[17:28:43] S3/us/name_word shard 17: 9,874 queries in 61.3s (161 q/s)
[17:29:56] S3/us/rare_name: fitted in 72s (peak 1.48 GiB)
[17:30:00] S3/us/rare_name shard 1: 14,965 queries in 3.9s (3880 q/s)
[17:30:03] S3/us/rare_name shard 2: 14,989 queries in 3.6s (4166 q/s)
[17:30:10] S3/us/rare_name shard 3: 15,125 queries in 7.1s (2137 q/s)
[17:30:15] S3/us/rare_name shard 4: 14,991 queries in 4.3s (3495 q/s)
[17:30:19] S3/us/rare_name shard 5: 14,897 queries in 3.9s (3798 q/s)
[17:30:26] S3/us/rare_name shard 6: 15,010 queries in 6.8s (2198 q/s)
[17:30:29] S3/us/rare_name shard 7: 14,995 queries in 3.8s (3976 q/s)
[17:30:33] S3/us/rare_name shard 8: 15,034 queries in 3.8s (3973 q/s)
[17:30:41] S3/us/rare_name shard 9: 15,088 queries in 7.6s (1997 q/s)
[17:30:45] S3/us/rare_name shard 10: 15,068 queries in 4.2s (3627 q/s)
[17:30:48] S3/us/rare_name shard 11: 15,088 queries in 3.0s (4956 q/s)
[17:30:55] S3/us/rare_name shard 12: 14,771 queries in 7.3s (2024 q/s)
[17:31:00] S3/us/rare_name shard 13: 14,970 queries in 4.2s (3587 q/s)
[17:31:04] S3/us/rare_name shard 14: 15,089 queries in 4.0s (3776 q/s)
[17:31:11] S3/us/rare_name shard 15: 14,990 queries in 7.1s (2124 q/s)
[17:31:15] S3/us/rare_name shard 16: 14,862 queries in 3.9s (3822 q/s)
[17:31:17] S3/us/rare_name shard 17: 9,874 queries in 2.6s (3797 q/s)
[17:31:39] S3/us/suffix_exact: fitted in 21s (peak 1.41 GiB)
[17:31:39] S3/us/suffix_exact shard 1: 14,965 queries in 0.7s (22606 q/s)
[17:31:43] S3/us/suffix_exact shard 2: 14,989 queries in 3.6s (4131 q/s)
[17:31:44] S3/us/suffix_exact shard 3: 15,125 queries in 0.7s (21654 q/s)
[17:31:44] S3/us/suffix_exact shard 4: 14,991 queries in 0.6s (26152 q/s)
[17:31:45] S3/us/suffix_exact shard 5: 14,897 queries in 0.5s (27934 q/s)
[17:31:45] S3/us/suffix_exact shard 6: 15,010 queries in 0.6s (25034 q/s)
[17:31:46] S3/us/suffix_exact shard 7: 14,995 queries in 0.6s (23753 q/s)
[17:31:49] S3/us/suffix_exact shard 8: 15,034 queries in 3.3s (4619 q/s)
[17:31:50] S3/us/suffix_exact shard 9: 15,088 queries in 0.6s (24121 q/s)
[17:31:51] S3/us/suffix_exact shard 10: 15,068 queries in 0.6s (25113 q/s)
[17:31:51] S3/us/suffix_exact shard 11: 15,088 queries in 0.5s (29269 q/s)
[17:31:52] S3/us/suffix_exact shard 12: 14,771 queries in 0.6s (23693 q/s)
[17:31:52] S3/us/suffix_exact shard 13: 14,970 queries in 0.6s (25432 q/s)
[17:31:53] S3/us/suffix_exact shard 14: 15,089 queries in 0.6s (27046 q/s)
[17:31:56] S3/us/suffix_exact shard 15: 14,990 queries in 3.1s (4913 q/s)
[17:31:57] S3/us/suffix_exact shard 16: 14,862 queries in 0.6s (25917 q/s)
[17:31:57] S3/us/suffix_exact shard 17: 9,874 queries in 0.3s (30515 q/s)
[17:31:59] filtered generation finished: 136 new tasks; run unfiltered to evaluate
