[16:40:02] full: 441,467 fold S1 in 18 shards; active shards 0..17
[16:40:47] loaded queries and truth; dynamic country keys in scope: ['india', 'us']
[16:42:57] S3/india: scanned 2,115,547 targets in 123s
[16:45:06] S3/india/name_char: fitted in 129s (peak 2.85 GiB)
[16:46:49] S3/india/name_char shard 1: 10,035 queries in 102.9s (97 q/s)
[16:48:39] S3/india/name_char shard 2: 10,011 queries in 109.6s (91 q/s)
[16:50:46] S3/india/name_char shard 3: 9,875 queries in 126.9s (78 q/s)
[16:53:01] S3/india/name_char shard 4: 10,009 queries in 135.1s (74 q/s)
[16:54:54] S3/india/name_char shard 5: 10,103 queries in 113.2s (89 q/s)
[16:56:39] S3/india/name_char shard 6: 9,990 queries in 104.7s (95 q/s)
[16:58:23] S3/india/name_char shard 7: 10,005 queries in 104.1s (96 q/s)
[17:00:12] S3/india/name_char shard 8: 9,966 queries in 108.2s (92 q/s)
[17:01:57] S3/india/name_char shard 9: 9,912 queries in 105.5s (94 q/s)
[17:04:08] S3/india/name_char shard 10: 9,932 queries in 130.8s (76 q/s)
[17:06:31] S3/india/name_char shard 11: 9,912 queries in 142.2s (70 q/s)
[17:08:48] S3/india/name_char shard 12: 10,229 queries in 137.7s (74 q/s)
[17:11:02] S3/india/name_char shard 13: 10,030 queries in 133.1s (75 q/s)
[17:13:14] S3/india/name_char shard 14: 9,911 queries in 132.3s (75 q/s)
[17:15:27] S3/india/name_char shard 15: 10,010 queries in 132.6s (76 q/s)
[17:17:41] S3/india/name_char shard 16: 10,138 queries in 133.6s (76 q/s)
[17:19:00] S3/india/name_char shard 17: 6,593 queries in 79.4s (83 q/s)
[17:24:44] S3/us: scanned 3,170,056 targets in 315s
[17:29:35] S3/us/name_char: fitted in 291s (peak 3.37 GiB)
[17:36:05] S3/us/name_char shard 1: 14,965 queries in 390.2s (38 q/s)
[17:42:22] S3/us/name_char shard 2: 14,989 queries in 376.6s (40 q/s)
[17:48:18] S3/us/name_char shard 3: 15,125 queries in 355.7s (43 q/s)
[17:54:05] S3/us/name_char shard 4: 14,991 queries in 347.2s (43 q/s)
[17:59:48] S3/us/name_char shard 5: 14,897 queries in 342.3s (44 q/s)
[18:05:54] S3/us/name_char shard 6: 15,010 queries in 365.7s (41 q/s)
[18:11:49] S3/us/name_char shard 7: 14,995 queries in 355.2s (42 q/s)
[18:17:51] S3/us/name_char shard 8: 15,034 queries in 361.5s (42 q/s)
[18:24:00] S3/us/name_char shard 9: 15,088 queries in 368.7s (41 q/s)
[18:30:14] S3/us/name_char shard 10: 15,068 queries in 374.6s (40 q/s)
[18:36:19] S3/us/name_char shard 11: 15,088 queries in 364.0s (41 q/s)
[18:41:07] S3/us/name_char shard 12: 14,771 queries in 288.7s (51 q/s)
[18:46:07] S3/us/name_char shard 13: 14,970 queries in 299.2s (50 q/s)
[18:50:51] S3/us/name_char shard 14: 15,089 queries in 284.1s (53 q/s)
[18:55:15] S3/us/name_char shard 15: 14,990 queries in 264.5s (57 q/s)
[18:59:23] S3/us/name_char shard 16: 14,862 queries in 247.1s (60 q/s)
[19:02:24] S3/us/name_char shard 17: 9,874 queries in 180.8s (55 q/s)
[19:02:26] filtered generation finished: 34 new tasks; run unfiltered to evaluate
