[16:40:02] full: 441,467 fold S1 in 18 shards; active shards 0..17
[16:40:51] loaded queries and truth; dynamic country keys in scope: ['india', 'us']
[16:43:01] S2/india: scanned 2,017,799 targets in 124s
[16:50:19] S2/india/address_char: fitted in 438s (peak 4.86 GiB)
[16:57:48] S2/india/address_char shard 1: 10,035 queries in 448.9s (22 q/s)
[17:05:11] S2/india/address_char shard 2: 10,011 queries in 443.6s (23 q/s)
[17:13:47] S2/india/address_char shard 3: 9,875 queries in 515.6s (19 q/s)
[17:21:20] S2/india/address_char shard 4: 10,009 queries in 453.0s (22 q/s)
[17:27:43] S2/india/address_char shard 5: 10,103 queries in 382.7s (26 q/s)
[17:34:11] S2/india/address_char shard 6: 9,990 queries in 387.5s (26 q/s)
[17:40:16] S2/india/address_char shard 7: 10,005 queries in 365.0s (27 q/s)
[17:46:00] S2/india/address_char shard 8: 9,966 queries in 344.2s (29 q/s)
[17:51:37] S2/india/address_char shard 9: 9,912 queries in 336.2s (29 q/s)
[17:57:08] S2/india/address_char shard 10: 9,932 queries in 331.8s (30 q/s)
[18:02:43] S2/india/address_char shard 11: 9,912 queries in 334.7s (30 q/s)
[18:08:41] S2/india/address_char shard 12: 10,229 queries in 358.0s (29 q/s)
[18:14:37] S2/india/address_char shard 13: 10,030 queries in 355.3s (28 q/s)
[18:20:23] S2/india/address_char shard 14: 9,911 queries in 346.4s (29 q/s)
[18:26:22] S2/india/address_char shard 15: 10,010 queries in 358.2s (28 q/s)
[18:32:22] S2/india/address_char shard 16: 10,138 queries in 360.2s (28 q/s)
[18:36:14] S2/india/address_char shard 17: 6,593 queries in 231.6s (28 q/s)
[18:40:08] S2/us: scanned 3,016,817 targets in 211s
[18:44:20] S2/us/address_char: fitted in 252s (peak 4.16 GiB)
[18:51:28] S2/us/address_char shard 1: 14,965 queries in 427.5s (35 q/s)
[18:57:31] S2/us/address_char shard 2: 14,989 queries in 362.6s (41 q/s)
[19:03:34] S2/us/address_char shard 3: 15,125 queries in 363.0s (42 q/s)
[19:07:50] S2/us/address_char shard 4: 14,991 queries in 256.6s (58 q/s)
[19:12:03] S2/us/address_char shard 5: 14,897 queries in 252.7s (59 q/s)
[19:16:25] S2/us/address_char shard 6: 15,010 queries in 262.3s (57 q/s)
[19:20:40] S2/us/address_char shard 7: 14,995 queries in 254.0s (59 q/s)
[19:25:01] S2/us/address_char shard 8: 15,034 queries in 261.5s (57 q/s)
[19:29:19] S2/us/address_char shard 9: 15,088 queries in 257.7s (59 q/s)
[19:33:47] S2/us/address_char shard 10: 15,068 queries in 267.9s (56 q/s)
[19:38:11] S2/us/address_char shard 11: 15,088 queries in 263.9s (57 q/s)
[19:42:33] S2/us/address_char shard 12: 14,771 queries in 262.2s (56 q/s)
[19:47:00] S2/us/address_char shard 13: 14,970 queries in 266.2s (56 q/s)
[19:51:21] S2/us/address_char shard 14: 15,089 queries in 261.8s (58 q/s)
[19:55:45] S2/us/address_char shard 15: 14,990 queries in 263.4s (57 q/s)
[20:00:15] S2/us/address_char shard 16: 14,862 queries in 270.5s (55 q/s)
[20:03:13] S2/us/address_char shard 17: 9,874 queries in 177.8s (56 q/s)
[20:03:15] filtered generation finished: 34 new tasks; run unfiltered to evaluate
