[16:40:04] full: 441,467 fold S1 in 18 shards; active shards 0..17
[16:40:54] loaded queries and truth; dynamic country keys in scope: ['india', 'us']
[16:43:05] S2/india: scanned 2,017,799 targets in 126s
[16:45:27] S2/india/name_char: fitted in 142s (peak 2.81 GiB)
[16:47:09] S2/india/name_char shard 1: 10,035 queries in 101.1s (99 q/s)
[16:48:55] S2/india/name_char shard 2: 10,011 queries in 106.3s (94 q/s)
[16:50:59] S2/india/name_char shard 3: 9,875 queries in 124.0s (80 q/s)
[16:53:06] S2/india/name_char shard 4: 10,009 queries in 126.4s (79 q/s)
[16:54:54] S2/india/name_char shard 5: 10,103 queries in 108.0s (94 q/s)
[16:56:34] S2/india/name_char shard 6: 9,990 queries in 99.7s (100 q/s)
[16:58:13] S2/india/name_char shard 7: 10,005 queries in 99.4s (101 q/s)
[16:59:53] S2/india/name_char shard 8: 9,966 queries in 99.9s (100 q/s)
[17:01:37] S2/india/name_char shard 9: 9,912 queries in 103.2s (96 q/s)
[17:03:33] S2/india/name_char shard 10: 9,932 queries in 116.2s (85 q/s)
[17:05:52] S2/india/name_char shard 11: 9,912 queries in 139.2s (71 q/s)
[17:08:03] S2/india/name_char shard 12: 10,229 queries in 130.1s (79 q/s)
[17:10:12] S2/india/name_char shard 13: 10,030 queries in 129.0s (78 q/s)
[17:12:18] S2/india/name_char shard 14: 9,911 queries in 125.8s (79 q/s)
[17:14:23] S2/india/name_char shard 15: 10,010 queries in 125.6s (80 q/s)
[17:16:33] S2/india/name_char shard 16: 10,138 queries in 129.3s (78 q/s)
[17:17:56] S2/india/name_char shard 17: 6,593 queries in 83.0s (79 q/s)
[17:23:12] S2/us: scanned 3,016,817 targets in 290s
[17:27:51] S2/us/name_char: fitted in 278s (peak 3.20 GiB)
[17:33:55] S2/us/name_char shard 1: 14,965 queries in 364.2s (41 q/s)
[17:39:33] S2/us/name_char shard 2: 14,989 queries in 338.0s (44 q/s)
[17:45:06] S2/us/name_char shard 3: 15,125 queries in 332.2s (46 q/s)
[17:50:17] S2/us/name_char shard 4: 14,991 queries in 310.8s (48 q/s)
[17:55:30] S2/us/name_char shard 5: 14,897 queries in 312.8s (48 q/s)
[18:00:47] S2/us/name_char shard 6: 15,010 queries in 316.8s (47 q/s)
[18:06:14] S2/us/name_char shard 7: 14,995 queries in 326.7s (46 q/s)
[18:11:34] S2/us/name_char shard 8: 15,034 queries in 320.4s (47 q/s)
[18:17:08] S2/us/name_char shard 9: 15,088 queries in 333.7s (45 q/s)
[18:22:35] S2/us/name_char shard 10: 15,068 queries in 326.7s (46 q/s)
[18:28:17] S2/us/name_char shard 11: 15,088 queries in 342.3s (44 q/s)
[18:33:44] S2/us/name_char shard 12: 14,771 queries in 326.6s (45 q/s)
[18:38:38] S2/us/name_char shard 13: 14,970 queries in 293.9s (51 q/s)
[18:42:54] S2/us/name_char shard 14: 15,089 queries in 256.1s (59 q/s)
[18:47:31] S2/us/name_char shard 15: 14,990 queries in 276.9s (54 q/s)
[18:51:41] S2/us/name_char shard 16: 14,862 queries in 249.7s (60 q/s)
[18:54:32] S2/us/name_char shard 17: 9,874 queries in 171.1s (58 q/s)
[18:54:35] filtered generation finished: 34 new tasks; run unfiltered to evaluate
