[16:40:03] full: 441,467 fold S1 in 18 shards; active shards 0..17
[16:40:46] loaded queries and truth; dynamic country keys in scope: ['india', 'us']
[16:43:00] S2/india: scanned 2,017,799 targets in 129s
[16:43:01] S2/india/exact_name: fitted in 1s (peak 1.18 GiB)
[16:43:01] S2/india/exact_name shard 1: 10,035 queries in 0.0s (263478 q/s)
[16:43:01] S2/india/exact_name shard 2: 10,011 queries in 0.1s (170108 q/s)
[16:43:02] S2/india/exact_name shard 3: 9,875 queries in 0.1s (178172 q/s)
[16:43:02] S2/india/exact_name shard 4: 10,009 queries in 0.1s (194807 q/s)
[16:43:02] S2/india/exact_name shard 5: 10,103 queries in 0.1s (176070 q/s)
[16:43:02] S2/india/exact_name shard 6: 9,990 queries in 0.1s (194788 q/s)
[16:43:02] S2/india/exact_name shard 7: 10,005 queries in 0.0s (207751 q/s)
[16:43:02] S2/india/exact_name shard 8: 9,966 queries in 0.1s (185972 q/s)
[16:43:03] S2/india/exact_name shard 9: 9,912 queries in 0.7s (14077 q/s)
[16:43:03] S2/india/exact_name shard 10: 9,932 queries in 0.0s (427071 q/s)
[16:43:03] S2/india/exact_name shard 11: 9,912 queries in 0.0s (470901 q/s)
[16:43:03] S2/india/exact_name shard 12: 10,229 queries in 0.0s (489427 q/s)
[16:43:03] S2/india/exact_name shard 13: 10,030 queries in 0.0s (335322 q/s)
[16:43:03] S2/india/exact_name shard 14: 9,911 queries in 0.1s (195250 q/s)
[16:43:03] S2/india/exact_name shard 15: 10,010 queries in 0.0s (434715 q/s)
[16:43:03] S2/india/exact_name shard 16: 10,138 queries in 0.0s (520995 q/s)
[16:43:03] S2/india/exact_name shard 17: 6,593 queries in 0.0s (535556 q/s)
[16:43:49] S2/india/name_word: fitted in 46s (peak 1.52 GiB)
[16:44:10] S2/india/name_word shard 1: 10,035 queries in 20.9s (480 q/s)
[16:44:33] S2/india/name_word shard 2: 10,011 queries in 23.0s (434 q/s)
[16:44:55] S2/india/name_word shard 3: 9,875 queries in 22.6s (437 q/s)
[16:45:22] S2/india/name_word shard 4: 10,009 queries in 26.5s (378 q/s)
[16:45:58] S2/india/name_word shard 5: 10,103 queries in 36.2s (279 q/s)
[16:46:34] S2/india/name_word shard 6: 9,990 queries in 35.6s (281 q/s)
[16:47:10] S2/india/name_word shard 7: 10,005 queries in 35.5s (282 q/s)
[16:47:45] S2/india/name_word shard 8: 9,966 queries in 34.7s (287 q/s)
[16:48:23] S2/india/name_word shard 9: 9,912 queries in 38.0s (261 q/s)
[16:49:05] S2/india/name_word shard 10: 9,932 queries in 41.6s (239 q/s)
[16:49:45] S2/india/name_word shard 11: 9,912 queries in 40.7s (243 q/s)
[16:50:31] S2/india/name_word shard 12: 10,229 queries in 45.1s (227 q/s)
[16:51:17] S2/india/name_word shard 13: 10,030 queries in 45.9s (219 q/s)
[16:52:04] S2/india/name_word shard 14: 9,911 queries in 46.8s (212 q/s)
[16:52:43] S2/india/name_word shard 15: 10,010 queries in 39.4s (254 q/s)
[16:53:26] S2/india/name_word shard 16: 10,138 queries in 42.4s (239 q/s)
[16:53:53] S2/india/name_word shard 17: 6,593 queries in 27.5s (240 q/s)
[16:54:45] S2/india/rare_name: fitted in 51s (peak 1.28 GiB)
[16:54:47] S2/india/rare_name shard 1: 10,035 queries in 2.1s (4837 q/s)
[16:54:49] S2/india/rare_name shard 2: 10,011 queries in 2.1s (4724 q/s)
[16:54:51] S2/india/rare_name shard 3: 9,875 queries in 1.8s (5429 q/s)
[16:54:53] S2/india/rare_name shard 4: 10,009 queries in 1.9s (5250 q/s)
[16:54:57] S2/india/rare_name shard 5: 10,103 queries in 4.3s (2344 q/s)
[16:54:59] S2/india/rare_name shard 6: 9,990 queries in 2.1s (4720 q/s)
[16:55:02] S2/india/rare_name shard 7: 10,005 queries in 2.2s (4457 q/s)
[16:55:04] S2/india/rare_name shard 8: 9,966 queries in 2.3s (4344 q/s)
[16:55:06] S2/india/rare_name shard 9: 9,912 queries in 2.1s (4781 q/s)
[16:55:10] S2/india/rare_name shard 10: 9,932 queries in 4.2s (2373 q/s)
[16:55:12] S2/india/rare_name shard 11: 9,912 queries in 1.9s (5245 q/s)
[16:55:14] S2/india/rare_name shard 12: 10,229 queries in 2.0s (5224 q/s)
[16:55:16] S2/india/rare_name shard 13: 10,030 queries in 2.0s (5012 q/s)
[16:55:21] S2/india/rare_name shard 14: 9,911 queries in 4.6s (2148 q/s)
[16:55:23] S2/india/rare_name shard 15: 10,010 queries in 2.3s (4260 q/s)
[16:55:25] S2/india/rare_name shard 16: 10,138 queries in 1.9s (5249 q/s)
[16:55:26] S2/india/rare_name shard 17: 6,593 queries in 1.3s (5165 q/s)
[16:55:41] S2/india/suffix_exact: fitted in 15s (peak 1.24 GiB)
[16:55:42] S2/india/suffix_exact shard 1: 10,035 queries in 0.3s (31944 q/s)
[16:55:42] S2/india/suffix_exact shard 2: 10,011 queries in 0.3s (36023 q/s)
[16:55:42] S2/india/suffix_exact shard 3: 9,875 queries in 0.3s (38242 q/s)
[16:55:43] S2/india/suffix_exact shard 4: 10,009 queries in 0.3s (36251 q/s)
[16:55:43] S2/india/suffix_exact shard 5: 10,103 queries in 0.3s (33393 q/s)
[16:55:46] S2/india/suffix_exact shard 6: 9,990 queries in 2.8s (3620 q/s)
[16:55:46] S2/india/suffix_exact shard 7: 10,005 queries in 0.3s (28946 q/s)
[16:55:46] S2/india/suffix_exact shard 8: 9,966 queries in 0.3s (30787 q/s)
[16:55:47] S2/india/suffix_exact shard 9: 9,912 queries in 0.3s (28939 q/s)
[16:55:47] S2/india/suffix_exact shard 10: 9,932 queries in 0.3s (32609 q/s)
[16:55:47] S2/india/suffix_exact shard 11: 9,912 queries in 0.2s (40768 q/s)
[16:55:47] S2/india/suffix_exact shard 12: 10,229 queries in 0.2s (56284 q/s)
[16:55:48] S2/india/suffix_exact shard 13: 10,030 queries in 0.3s (38011 q/s)
[16:55:48] S2/india/suffix_exact shard 14: 9,911 queries in 0.3s (33644 q/s)
[16:55:48] S2/india/suffix_exact shard 15: 10,010 queries in 0.3s (33404 q/s)
[16:55:49] S2/india/suffix_exact shard 16: 10,138 queries in 0.3s (33133 q/s)
[16:55:51] S2/india/suffix_exact shard 17: 6,593 queries in 2.4s (2721 q/s)
[17:01:16] S2/us: scanned 3,016,817 targets in 294s
[17:01:29] S2/us/exact_name: fitted in 13s (peak 1.35 GiB)
[17:01:29] S2/us/exact_name shard 1: 14,965 queries in 0.3s (51764 q/s)
[17:01:30] S2/us/exact_name shard 2: 14,989 queries in 0.5s (33288 q/s)
[17:01:30] S2/us/exact_name shard 3: 15,125 queries in 0.5s (31302 q/s)
[17:01:33] S2/us/exact_name shard 4: 14,991 queries in 3.0s (5041 q/s)
[17:01:34] S2/us/exact_name shard 5: 14,897 queries in 0.3s (50642 q/s)
[17:01:34] S2/us/exact_name shard 6: 15,010 queries in 0.4s (37294 q/s)
[17:01:35] S2/us/exact_name shard 7: 14,995 queries in 0.4s (34301 q/s)
[17:01:35] S2/us/exact_name shard 8: 15,034 queries in 0.5s (29518 q/s)
[17:01:36] S2/us/exact_name shard 9: 15,088 queries in 0.5s (30246 q/s)
[17:01:39] S2/us/exact_name shard 10: 15,068 queries in 3.5s (4283 q/s)
[17:01:40] S2/us/exact_name shard 11: 15,088 queries in 0.5s (32127 q/s)
[17:01:40] S2/us/exact_name shard 12: 14,771 queries in 0.5s (32798 q/s)
[17:01:41] S2/us/exact_name shard 13: 14,970 queries in 0.5s (33199 q/s)
[17:01:41] S2/us/exact_name shard 14: 15,089 queries in 0.5s (31715 q/s)
[17:01:42] S2/us/exact_name shard 15: 14,990 queries in 0.5s (29904 q/s)
[17:01:45] S2/us/exact_name shard 16: 14,862 queries in 3.5s (4189 q/s)
[17:01:45] S2/us/exact_name shard 17: 9,874 queries in 0.3s (28817 q/s)
[17:03:30] S2/us/name_word: fitted in 104s (peak 1.64 GiB)
[17:05:30] S2/us/name_word shard 1: 14,965 queries in 120.1s (125 q/s)
[17:07:15] S2/us/name_word shard 2: 14,989 queries in 104.4s (144 q/s)
[17:08:59] S2/us/name_word shard 3: 15,125 queries in 103.4s (146 q/s)
[17:10:39] S2/us/name_word shard 4: 14,991 queries in 100.4s (149 q/s)
[17:12:20] S2/us/name_word shard 5: 14,897 queries in 100.3s (148 q/s)
[17:14:01] S2/us/name_word shard 6: 15,010 queries in 101.2s (148 q/s)
[17:15:43] S2/us/name_word shard 7: 14,995 queries in 100.8s (149 q/s)
[17:17:23] S2/us/name_word shard 8: 15,034 queries in 99.7s (151 q/s)
[17:18:55] S2/us/name_word shard 9: 15,088 queries in 92.3s (163 q/s)
[17:20:12] S2/us/name_word shard 10: 15,068 queries in 77.0s (196 q/s)
[17:21:30] S2/us/name_word shard 11: 15,088 queries in 77.8s (194 q/s)
[17:22:45] S2/us/name_word shard 12: 14,771 queries in 74.5s (198 q/s)
[17:23:58] S2/us/name_word shard 13: 14,970 queries in 73.3s (204 q/s)
[17:25:12] S2/us/name_word shard 14: 15,089 queries in 73.6s (205 q/s)
[17:26:25] S2/us/name_word shard 15: 14,990 queries in 72.5s (207 q/s)
[17:27:37] S2/us/name_word shard 16: 14,862 queries in 72.0s (207 q/s)
[17:28:34] S2/us/name_word shard 17: 9,874 queries in 57.4s (172 q/s)
[17:29:44] S2/us/rare_name: fitted in 69s (peak 1.47 GiB)
[17:29:47] S2/us/rare_name shard 1: 14,965 queries in 3.6s (4102 q/s)
[17:29:55] S2/us/rare_name shard 2: 14,989 queries in 7.3s (2043 q/s)
[17:29:59] S2/us/rare_name shard 3: 15,125 queries in 4.0s (3810 q/s)
[17:30:03] S2/us/rare_name shard 4: 14,991 queries in 3.8s (3932 q/s)
[17:30:07] S2/us/rare_name shard 5: 14,897 queries in 3.8s (3871 q/s)
[17:30:14] S2/us/rare_name shard 6: 15,010 queries in 7.2s (2095 q/s)
[17:30:18] S2/us/rare_name shard 7: 14,995 queries in 3.9s (3822 q/s)
[17:30:22] S2/us/rare_name shard 8: 15,034 queries in 4.1s (3644 q/s)
[17:30:28] S2/us/rare_name shard 9: 15,088 queries in 6.3s (2378 q/s)
[17:30:32] S2/us/rare_name shard 10: 15,068 queries in 3.8s (3940 q/s)
[17:30:36] S2/us/rare_name shard 11: 15,088 queries in 3.7s (4129 q/s)
[17:30:43] S2/us/rare_name shard 12: 14,771 queries in 7.5s (1978 q/s)
[17:30:47] S2/us/rare_name shard 13: 14,970 queries in 3.7s (4005 q/s)
[17:30:50] S2/us/rare_name shard 14: 15,089 queries in 3.1s (4812 q/s)
[17:30:58] S2/us/rare_name shard 15: 14,990 queries in 7.5s (1986 q/s)
[17:31:02] S2/us/rare_name shard 16: 14,862 queries in 3.7s (4036 q/s)
[17:31:05] S2/us/rare_name shard 17: 9,874 queries in 2.8s (3525 q/s)
[17:31:25] S2/us/suffix_exact: fitted in 20s (peak 1.40 GiB)
[17:31:29] S2/us/suffix_exact shard 1: 14,965 queries in 3.4s (4373 q/s)
[17:31:29] S2/us/suffix_exact shard 2: 14,989 queries in 0.6s (26975 q/s)
[17:31:30] S2/us/suffix_exact shard 3: 15,125 queries in 0.5s (31803 q/s)
[17:31:30] S2/us/suffix_exact shard 4: 14,991 queries in 0.5s (32920 q/s)
[17:31:31] S2/us/suffix_exact shard 5: 14,897 queries in 0.6s (24589 q/s)
[17:31:31] S2/us/suffix_exact shard 6: 15,010 queries in 0.6s (24712 q/s)
[17:31:35] S2/us/suffix_exact shard 7: 14,995 queries in 3.6s (4160 q/s)
[17:31:36] S2/us/suffix_exact shard 8: 15,034 queries in 0.6s (23939 q/s)
[17:31:36] S2/us/suffix_exact shard 9: 15,088 queries in 0.7s (23084 q/s)
[17:31:37] S2/us/suffix_exact shard 10: 15,068 queries in 0.7s (22444 q/s)
[17:31:38] S2/us/suffix_exact shard 11: 15,088 queries in 0.7s (22816 q/s)
[17:31:38] S2/us/suffix_exact shard 12: 14,771 queries in 0.6s (24252 q/s)
[17:31:39] S2/us/suffix_exact shard 13: 14,970 queries in 0.6s (23188 q/s)
[17:31:42] S2/us/suffix_exact shard 14: 15,089 queries in 3.4s (4481 q/s)
[17:31:43] S2/us/suffix_exact shard 15: 14,990 queries in 0.6s (23619 q/s)
[17:31:44] S2/us/suffix_exact shard 16: 14,862 queries in 0.6s (23258 q/s)
[17:31:44] S2/us/suffix_exact shard 17: 9,874 queries in 0.4s (24521 q/s)
[17:31:47] filtered generation finished: 136 new tasks; run unfiltered to evaluate
